../Core/Src/main.c:172:5:main	8	static
../Core/Src/main.c:262:6:SystemClock_Config	88	static
../Core/Src/main.c:309:13:MX_TIM5_Init	48	static
../Core/Src/main.c:369:13:MX_USART6_UART_Init	8	static
../Core/Src/main.c:400:13:MX_DMA_Init	16	static
../Core/Src/main.c:427:13:MX_GPIO_Init	24	static
../Core/Src/main.c:443:6:uart_print_int	48	static
../Core/Src/main.c:474:23:read_telemetry_pin	16	static
../Core/Src/main.c:479:5:receive_bdshot_telemetry_bitbang	40	static
../Core/Src/main.c:506:5:receive_bdshot_telemetry_dma	64	static
../Core/Src/main.c:564:6:start_telemetry_capture	48	static
../Core/Src/main.c:664:6:set_pin_input	40	static
../Core/Src/main.c:674:6:set_pin_pwm	40	static
../Core/Src/main.c:685:6:set_pwm_output_mode	56	static
../Core/Src/main.c:754:6:prepare_bdshot_buffer	32	static
../Core/Src/main.c:781:9:bdshot_crc	24	static
../Core/Src/main.c:793:10:make_bdshot_frame	24	static
../Core/Src/main.c:803:6:queue_bdshot_pulse	24	static
../Core/Src/main.c:808:6:send_bdshot	24	static
../Core/Src/main.c:837:6:delay_us_precise	24	static
../Core/Src/main.c:843:5:_write	152	static
../Core/Src/main.c:860:6:DWT_Init	4	static
../Core/Src/main.c:868:6:print_binary	24	static
../Core/Src/main.c:875:6:HAL_TIM_PWM_PulseFinishedCallback	16	static,ignoring_inline_asm
../Core/Src/main.c:900:6:HAL_UART_ErrorCallback	16	static
../Core/Src/main.c:905:9:calculate_crc	24	static
../Core/Src/main.c:929:10:decode_gcr_mapping	16	static
../Core/Src/main.c:941:5:decode_gcr_20_to_16	64	static
../Core/Src/main.c:963:5:parse_edt_frame	56	static
../Core/Src/main.c:1016:5:send_binary_uart6	152	static
../Core/Src/main.c:1041:6:StartDefaultTask	16	static
../Core/Src/main.c:1059:6:DShotTask	72	static
../Core/Src/main.c:1181:6:StartSerialTask	152	static
../Core/Src/main.c:1208:6:HAL_TIM_PeriodElapsedCallback	16	static
../Core/Src/main.c:1226:6:Error_Handler	4	static,ignoring_inline_asm
