../Core/Src/main.c:150:5:main	8	static
../Core/Src/main.c:240:6:SystemClock_Config	88	static
../Core/Src/main.c:287:13:MX_TIM5_Init	48	static
../Core/Src/main.c:335:13:MX_USART6_UART_Init	8	static
../Core/Src/main.c:366:13:MX_DMA_Init	16	static
../Core/Src/main.c:384:13:MX_GPIO_Init	40	static
../Core/Src/main.c:411:6:uart_print_int	48	static
../Core/Src/main.c:442:23:read_telemetry_pin	8	static
../Core/Src/main.c:446:5:receive_bdshot_telemetry	32	static
../Core/Src/main.c:474:6:set_pin_input_PA0	32	static
../Core/Src/main.c:483:6:set_pin_pwm_PA0	32	static
../Core/Src/main.c:495:6:prepare_bdshot_buffer	32	static
../Core/Src/main.c:525:9:bdshot_crc	24	static
../Core/Src/main.c:537:10:make_bdshot_frame	24	static
../Core/Src/main.c:547:6:queue_bdshot_pulse	24	static
../Core/Src/main.c:552:6:send_bdshot	16	static
../Core/Src/main.c:562:6:delay_us_busy	24	static
../Core/Src/main.c:568:6:delay_us_precise	24	static
../Core/Src/main.c:574:6:delay_task_us	16	static
../Core/Src/main.c:584:5:_write	152	static
../Core/Src/main.c:601:6:DWT_Init	4	static
../Core/Src/main.c:609:6:print_binary	24	static
../Core/Src/main.c:616:6:HAL_TIM_PWM_PulseFinishedCallback	16	static
../Core/Src/main.c:625:6:HAL_UART_ErrorCallback	16	static
../Core/Src/main.c:630:9:calculate_crc	24	static
../Core/Src/main.c:654:10:decode_gcr_mapping	16	static
../Core/Src/main.c:666:5:decode_gcr_20_to_16	64	static
../Core/Src/main.c:688:5:parse_edt_frame	56	static
../Core/Src/main.c:741:5:send_binary_uart6	152	static
../Core/Src/main.c:766:6:StartDefaultTask	16	static
../Core/Src/main.c:784:6:DShotTask	56	static
../Core/Src/main.c:881:6:StartSerialTask	152	static
../Core/Src/main.c:908:6:HAL_TIM_PeriodElapsedCallback	16	static
../Core/Src/main.c:926:6:Error_Handler	4	static,ignoring_inline_asm
