../Core/Src/main.c:172:5:main	8	static
../Core/Src/main.c:262:6:SystemClock_Config	88	static
../Core/Src/main.c:309:13:MX_TIM5_Init	48	static
../Core/Src/main.c:369:13:MX_USART6_UART_Init	8	static
../Core/Src/main.c:400:13:MX_DMA_Init	16	static
../Core/Src/main.c:427:13:MX_GPIO_Init	24	static
../Core/Src/main.c:443:6:uart_print_int	48	static
../Core/Src/main.c:474:23:read_telemetry_pin	16	static
../Core/Src/main.c:479:5:receive_bdshot_telemetry_bitbang	40	static
../Core/Src/main.c:506:5:receive_bdshot_telemetry_dma	64	static
../Core/Src/main.c:564:6:start_telemetry_capture	32	static
../Core/Src/main.c:624:6:set_pin_input	40	static
../Core/Src/main.c:634:6:set_pin_pwm	40	static
../Core/Src/main.c:645:6:set_pwm_output_mode	40	static
../Core/Src/main.c:691:6:prepare_bdshot_buffer	32	static
../Core/Src/main.c:718:9:bdshot_crc	24	static
../Core/Src/main.c:730:10:make_bdshot_frame	24	static
../Core/Src/main.c:740:6:queue_bdshot_pulse	24	static
../Core/Src/main.c:745:6:send_bdshot	24	static
../Core/Src/main.c:774:6:delay_us_precise	24	static
../Core/Src/main.c:780:5:_write	152	static
../Core/Src/main.c:797:6:DWT_Init	4	static
../Core/Src/main.c:805:6:print_binary	24	static
../Core/Src/main.c:812:6:HAL_TIM_PWM_PulseFinishedCallback	16	static,ignoring_inline_asm
../Core/Src/main.c:837:6:HAL_UART_ErrorCallback	16	static
../Core/Src/main.c:842:9:calculate_crc	24	static
../Core/Src/main.c:866:10:decode_gcr_mapping	16	static
../Core/Src/main.c:878:5:decode_gcr_20_to_16	64	static
../Core/Src/main.c:900:5:parse_edt_frame	56	static
../Core/Src/main.c:953:5:send_binary_uart6	152	static
../Core/Src/main.c:978:6:StartDefaultTask	16	static
../Core/Src/main.c:996:6:DShotTask	32	static
../Core/Src/main.c:1108:6:StartSerialTask	152	static
../Core/Src/main.c:1135:6:HAL_TIM_PeriodElapsedCallback	16	static
../Core/Src/main.c:1153:6:Error_Handler	4	static,ignoring_inline_asm
