../Core/Src/main.c:138:5:main	8	static
../Core/Src/main.c:229:6:SystemClock_Config	88	static
../Core/Src/main.c:276:13:MX_TIM5_Init	48	static
../Core/Src/main.c:324:13:MX_USART6_UART_Init	8	static
../Core/Src/main.c:355:13:MX_DMA_Init	16	static
../Core/Src/main.c:373:13:MX_GPIO_Init	40	static
../Core/Src/main.c:407:23:read_telemetry_pin	8	static
../Core/Src/main.c:411:5:receive_bdshot_telemetry	32	static
../Core/Src/main.c:439:6:set_pin_input_PA0	32	static
../Core/Src/main.c:448:6:set_pin_pwm_PA0	32	static
../Core/Src/main.c:460:6:prepare_bdshot_buffer	32	static
../Core/Src/main.c:490:9:bdshot_crc	24	static
../Core/Src/main.c:502:10:make_bdshot_frame	24	static
../Core/Src/main.c:512:6:queue_bdshot_pulse	24	static
../Core/Src/main.c:517:6:send_bdshot	16	static
../Core/Src/main.c:527:6:delay_us_busy	24	static
../Core/Src/main.c:533:6:delay_us_precise	24	static
../Core/Src/main.c:539:6:delay_task_us	16	static
../Core/Src/main.c:549:5:_write	152	static
../Core/Src/main.c:566:6:DWT_Init	4	static
../Core/Src/main.c:574:6:print_binary	24	static
../Core/Src/main.c:581:6:HAL_TIM_PWM_PulseFinishedCallback	16	static
../Core/Src/main.c:590:6:HAL_UART_ErrorCallback	16	static
../Core/Src/main.c:595:9:calculate_crc	24	static
../Core/Src/main.c:613:10:decode_gcr_mapping	16	static
../Core/Src/main.c:617:5:decode_gcr_20_to_16	72	static
../Core/Src/main.c:641:5:parse_edt_frame	56	static
../Core/Src/main.c:698:6:StartDefaultTask	16	static
../Core/Src/main.c:716:6:DShotTask	72	static
../Core/Src/main.c:804:6:StartSerialTask	144	static
../Core/Src/main.c:830:6:HAL_TIM_PeriodElapsedCallback	16	static
../Core/Src/main.c:848:6:Error_Handler	4	static,ignoring_inline_asm
