../Core/Src/main.c:136:5:main	40	static
../Core/Src/main.c:249:6:SystemClock_Config	88	static
../Core/Src/main.c:296:13:MX_TIM5_Init	48	static
../Core/Src/main.c:356:13:MX_USART6_UART_Init	8	static
../Core/Src/main.c:387:13:MX_DMA_Init	16	static
../Core/Src/main.c:414:13:MX_GPIO_Init	48	static
../Core/Src/main.c:442:6:uart_print_int	48	static
../Core/Src/main.c:474:23:read_telemetry_pin	16	static
../Core/Src/main.c:479:5:receive_bdshot_telemetry	40	static
../Core/Src/main.c:512:6:process_bdshot_telemetry	48	static
../Core/Src/main.c:564:6:delay_ns	24	static
../Core/Src/main.c:570:6:set_pin_input	40	static
../Core/Src/main.c:580:6:set_pin_pwm	40	static
../Core/Src/main.c:591:6:prepare_bdshot_buffer	32	static
../Core/Src/main.c:621:9:bdshot_crc	24	static
../Core/Src/main.c:633:10:make_bdshot_frame	24	static
../Core/Src/main.c:643:6:queue_bdshot_pulse	24	static
../Core/Src/main.c:648:6:send_bdshot	24	static
../Core/Src/main.c:677:6:delay_us_precise	24	static
../Core/Src/main.c:684:6:DWT_Init	4	static
../Core/Src/main.c:692:6:print_binary	24	static
../Core/Src/main.c:699:6:HAL_TIM_PWM_PulseFinishedCallback	16	static,ignoring_inline_asm
../Core/Src/main.c:724:6:HAL_UART_ErrorCallback	16	static
../Core/Src/main.c:729:9:calculate_crc	24	static
../Core/Src/main.c:753:10:decode_gcr_mapping	16	static
../Core/Src/main.c:765:5:decode_gcr_20_to_16	64	static
../Core/Src/main.c:787:5:parse_edt_frame	56	static
../Core/Src/main.c:840:5:_write	24	static
../Core/Src/main.c:856:6:HAL_TIM_PeriodElapsedCallback	16	static
../Core/Src/main.c:874:6:Error_Handler	4	static,ignoring_inline_asm
