../Core/Src/main.c:137:5:main	8	static
../Core/Src/main.c:228:6:SystemClock_Config	88	static
../Core/Src/main.c:275:13:MX_TIM5_Init	48	static
../Core/Src/main.c:323:13:MX_USART6_UART_Init	8	static
../Core/Src/main.c:354:13:MX_DMA_Init	16	static
../Core/Src/main.c:372:13:MX_GPIO_Init	40	static
../Core/Src/main.c:396:23:read_telemetry_pin	8	static
../Core/Src/main.c:400:5:receive_bdshot_telemetry	32	static
../Core/Src/main.c:427:6:set_pin_input_PA0	32	static
../Core/Src/main.c:436:6:set_pin_pwm_PA0	32	static
../Core/Src/main.c:448:6:prepare_bdshot_buffer	32	static
../Core/Src/main.c:478:9:bdshot_crc	24	static
../Core/Src/main.c:490:10:make_bdshot_frame	24	static
../Core/Src/main.c:500:6:queue_bdshot_pulse	24	static
../Core/Src/main.c:505:6:send_bdshot	16	static
../Core/Src/main.c:515:6:delay_us_busy	24	static
../Core/Src/main.c:521:6:delay_task_us	16	static
../Core/Src/main.c:531:5:_write	152	static
../Core/Src/main.c:548:6:DWT_Init	4	static
../Core/Src/main.c:556:6:HAL_TIM_PWM_PulseFinishedCallback	16	static
../Core/Src/main.c:565:6:HAL_UART_ErrorCallback	16	static
../Core/Src/main.c:580:6:StartDefaultTask	16	static
../Core/Src/main.c:598:6:DShotTask	32	static
../Core/Src/main.c:653:6:StartSerialTask	144	static
../Core/Src/main.c:679:6:HAL_TIM_PeriodElapsedCallback	16	static
../Core/Src/main.c:697:6:Error_Handler	4	static,ignoring_inline_asm
